Archive member included to satisfy reference by file (symbol)

c:/ac6/systemworkbench/plugins/fr.ac6.mcu.externaltools.arm-none.win32_1.17.0.201812190825/tools/compiler/bin/../lib/gcc/arm-none-eabi/7.3.1/thumb/v7e-m/fpv4-sp/hard\libgcc.a(_aeabi_uldivmod.o)
                              Drivers/STM32F4xx_HAL_Driver/Src/stm32f4xx_hal_rcc.o (__aeabi_uldivmod)
c:/ac6/systemworkbench/plugins/fr.ac6.mcu.externaltools.arm-none.win32_1.17.0.201812190825/tools/compiler/bin/../lib/gcc/arm-none-eabi/7.3.1/thumb/v7e-m/fpv4-sp/hard\libgcc.a(_udivmoddi4.o)
                              c:/ac6/systemworkbench/plugins/fr.ac6.mcu.externaltools.arm-none.win32_1.17.0.201812190825/tools/compiler/bin/../lib/gcc/arm-none-eabi/7.3.1/thumb/v7e-m/fpv4-sp/hard\libgcc.a(_aeabi_uldivmod.o) (__udivmoddi4)
c:/ac6/systemworkbench/plugins/fr.ac6.mcu.externaltools.arm-none.win32_1.17.0.201812190825/tools/compiler/bin/../lib/gcc/arm-none-eabi/7.3.1/thumb/v7e-m/fpv4-sp/hard\libgcc.a(_dvmd_tls.o)
                              c:/ac6/systemworkbench/plugins/fr.ac6.mcu.externaltools.arm-none.win32_1.17.0.201812190825/tools/compiler/bin/../lib/gcc/arm-none-eabi/7.3.1/thumb/v7e-m/fpv4-sp/hard\libgcc.a(_aeabi_uldivmod.o) (__aeabi_ldiv0)
c:/ac6/systemworkbench/plugins/fr.ac6.mcu.externaltools.arm-none.win32_1.17.0.201812190825/tools/compiler/bin/../lib/gcc/arm-none-eabi/7.3.1/../../../../arm-none-eabi/lib/thumb/v7e-m/fpv4-sp/hard\libc_nano.a(lib_a-errno.o)
                              Src/syscalls.o (__errno)
c:/ac6/systemworkbench/plugins/fr.ac6.mcu.externaltools.arm-none.win32_1.17.0.201812190825/tools/compiler/bin/../lib/gcc/arm-none-eabi/7.3.1/../../../../arm-none-eabi/lib/thumb/v7e-m/fpv4-sp/hard\libc_nano.a(lib_a-exit.o)
                              c:/ac6/systemworkbench/plugins/fr.ac6.mcu.externaltools.arm-none.win32_1.17.0.201812190825/tools/compiler/bin/../lib/gcc/arm-none-eabi/7.3.1/../../../../arm-none-eabi/lib/thumb/v7e-m/fpv4-sp/hard/crt0.o (exit)
c:/ac6/systemworkbench/plugins/fr.ac6.mcu.externaltools.arm-none.win32_1.17.0.201812190825/tools/compiler/bin/../lib/gcc/arm-none-eabi/7.3.1/../../../../arm-none-eabi/lib/thumb/v7e-m/fpv4-sp/hard\libc_nano.a(lib_a-impure.o)
                              c:/ac6/systemworkbench/plugins/fr.ac6.mcu.externaltools.arm-none.win32_1.17.0.201812190825/tools/compiler/bin/../lib/gcc/arm-none-eabi/7.3.1/../../../../arm-none-eabi/lib/thumb/v7e-m/fpv4-sp/hard\libc_nano.a(lib_a-exit.o) (_global_impure_ptr)
c:/ac6/systemworkbench/plugins/fr.ac6.mcu.externaltools.arm-none.win32_1.17.0.201812190825/tools/compiler/bin/../lib/gcc/arm-none-eabi/7.3.1/../../../../arm-none-eabi/lib/thumb/v7e-m/fpv4-sp/hard\libc_nano.a(lib_a-init.o)
                              c:/ac6/systemworkbench/plugins/fr.ac6.mcu.externaltools.arm-none.win32_1.17.0.201812190825/tools/compiler/bin/../lib/gcc/arm-none-eabi/7.3.1/../../../../arm-none-eabi/lib/thumb/v7e-m/fpv4-sp/hard/crt0.o (__libc_init_array)
c:/ac6/systemworkbench/plugins/fr.ac6.mcu.externaltools.arm-none.win32_1.17.0.201812190825/tools/compiler/bin/../lib/gcc/arm-none-eabi/7.3.1/../../../../arm-none-eabi/lib/thumb/v7e-m/fpv4-sp/hard\libc_nano.a(lib_a-memset.o)
                              c:/ac6/systemworkbench/plugins/fr.ac6.mcu.externaltools.arm-none.win32_1.17.0.201812190825/tools/compiler/bin/../lib/gcc/arm-none-eabi/7.3.1/../../../../arm-none-eabi/lib/thumb/v7e-m/fpv4-sp/hard/crt0.o (memset)

Allocating common symbols
Common symbol       size              file

hUsbDeviceFS        0x2d0             Src/usb_device.o
hpcd_USB_OTG_FS     0x408             Src/usbd_conf.o
uwTick              0x4               Drivers/STM32F4xx_HAL_Driver/Src/stm32f4xx_hal.o
pFlash              0x20              Drivers/STM32F4xx_HAL_Driver/Src/stm32f4xx_hal_flash.o
USBD_StrDesc        0x200             Src/usbd_desc.o

Discarded input sections

 .text          0x00000000        0x0 c:/ac6/systemworkbench/plugins/fr.ac6.mcu.externaltools.arm-none.win32_1.17.0.201812190825/tools/compiler/bin/../lib/gcc/arm-none-eabi/7.3.1/thumb/v7e-m/fpv4-sp/hard/crti.o
 .data          0x00000000        0x0 c:/ac6/systemworkbench/plugins/fr.ac6.mcu.externaltools.arm-none.win32_1.17.0.201812190825/tools/compiler/bin/../lib/gcc/arm-none-eabi/7.3.1/thumb/v7e-m/fpv4-sp/hard/crti.o
 .bss           0x00000000        0x0 c:/ac6/systemworkbench/plugins/fr.ac6.mcu.externaltools.arm-none.win32_1.17.0.201812190825/tools/compiler/bin/../lib/gcc/arm-none-eabi/7.3.1/thumb/v7e-m/fpv4-sp/hard/crti.o
 .data          0x00000000        0x4 c:/ac6/systemworkbench/plugins/fr.ac6.mcu.externaltools.arm-none.win32_1.17.0.201812190825/tools/compiler/bin/../lib/gcc/arm-none-eabi/7.3.1/thumb/v7e-m/fpv4-sp/hard/crtbegin.o
 .text          0x00000000       0x74 c:/ac6/systemworkbench/plugins/fr.ac6.mcu.externaltools.arm-none.win32_1.17.0.201812190825/tools/compiler/bin/../lib/gcc/arm-none-eabi/7.3.1/../../../../arm-none-eabi/lib/thumb/v7e-m/fpv4-sp/hard/crt0.o
[...]
Memory Configuration

Name             Origin             Length             Attributes
RAM              0x20000000         0x00020000         xrw
CCMRAM           0x10000000         0x00010000         xrw
FLASH            0x08000000         0x00100000         xr
*default*        0x00000000         0xffffffff

Linker script and memory map

LOAD c:/ac6/systemworkbench/plugins/fr.ac6.mcu.externaltools.arm-none.win32_1.17.0.201812190825/tools/compiler/bin/../lib/gcc/arm-none-eabi/7.3.1/thumb/v7e-m/fpv4-sp/hard/crti.o
LOAD c:/ac6/systemworkbench/plugins/fr.ac6.mcu.externaltools.arm-none.win32_1.17.0.201812190825/tools/compiler/bin/../lib/gcc/arm-none-eabi/7.3.1/thumb/v7e-m/fpv4-sp/hard/crtbegin.o
LOAD c:/ac6/systemworkbench/plugins/fr.ac6.mcu.externaltools.arm-none.win32_1.17.0.201812190825/tools/compiler/bin/../lib/gcc/arm-none-eabi/7.3.1/../../../../arm-none-eabi/lib/thumb/v7e-m/fpv4-sp/hard/crt0.o
LOAD Drivers/STM32F4xx_HAL_Driver/Src/stm32f4xx_hal.o
LOAD Drivers/STM32F4xx_HAL_Driver/Src/stm32f4xx_hal_cortex.o
LOAD Drivers/STM32F4xx_HAL_Driver/Src/stm32f4xx_hal_dma.o
LOAD Drivers/STM32F4xx_HAL_Driver/Src/stm32f4xx_hal_dma_ex.o
LOAD Drivers/STM32F4xx_HAL_Driver/Src/stm32f4xx_hal_exti.o
LOAD Drivers/STM32F4xx_HAL_Driver/Src/stm32f4xx_hal_flash.o
LOAD Drivers/STM32F4xx_HAL_Driver/Src/stm32f4xx_hal_flash_ex.o
LOAD Drivers/STM32F4xx_HAL_Driver/Src/stm32f4xx_hal_flash_ramfunc.o
LOAD Drivers/STM32F4xx_HAL_Driver/Src/stm32f4xx_hal_gpio.o
LOAD Drivers/STM32F4xx_HAL_Driver/Src/stm32f4xx_hal_pcd.o
LOAD Drivers/STM32F4xx_HAL_Driver/Src/stm32f4xx_hal_pcd_ex.o
LOAD Drivers/STM32F4xx_HAL_Driver/Src/stm32f4xx_hal_pwr.o
LOAD Drivers/STM32F4xx_HAL_Driver/Src/stm32f4xx_hal_pwr_ex.o
LOAD Drivers/STM32F4xx_HAL_Driver/Src/stm32f4xx_hal_rcc.o
LOAD Drivers/STM32F4xx_HAL_Driver/Src/stm32f4xx_hal_rcc_ex.o
LOAD Drivers/STM32F4xx_HAL_Driver/Src/stm32f4xx_hal_tim.o
LOAD Drivers/STM32F4xx_HAL_Driver/Src/stm32f4xx_hal_tim_ex.o
LOAD Drivers/STM32F4xx_HAL_Driver/Src/stm32f4xx_ll_usb.o
LOAD Middlewares/ST/STM32_USB_Device_Library/Class/HID/Src/usbd_hid.o
LOAD Middlewares/ST/STM32_USB_Device_Library/Core/Src/usbd_core.o
LOAD Middlewares/ST/STM32_USB_Device_Library/Core/Src/usbd_ctlreq.o
LOAD Middlewares/ST/STM32_USB_Device_Library/Core/Src/usbd_ioreq.o
LOAD Src/main.o
LOAD Src/stm32f4xx_hal_msp.o
LOAD Src/stm32f4xx_it.o
LOAD Src/syscalls.o
LOAD Src/system_stm32f4xx.o
LOAD Src/usb_device.o
LOAD Src/usbd_conf.o
LOAD Src/usbd_desc.o
LOAD startup/startup_stm32f407xx.o
LOAD c:/ac6/systemworkbench/plugins/fr.ac6.mcu.externaltools.arm-none.win32_1.17.0.201812190825/tools/compiler/bin/../lib/gcc/arm-none-eabi/7.3.1/../../../../arm-none-eabi/lib/thumb/v7e-m/fpv4-sp/hard\libm.a
START GROUP
LOAD c:/ac6/systemworkbench/plugins/fr.ac6.mcu.externaltools.arm-none.win32_1.17.0.201812190825/tools/compiler/bin/../lib/gcc/arm-none-eabi/7.3.1/thumb/v7e-m/fpv4-sp/hard\libgcc.a
LOAD c:/ac6/systemworkbench/plugins/fr.ac6.mcu.externaltools.arm-none.win32_1.17.0.201812190825/tools/compiler/bin/../lib/gcc/arm-none-eabi/7.3.1/../../../../arm-none-eabi/lib/thumb/v7e-m/fpv4-sp/hard\libc_nano.a
END GROUP
START GROUP
LOAD c:/ac6/systemworkbench/plugins/fr.ac6.mcu.externaltools.arm-none.win32_1.17.0.201812190825/tools/compiler/bin/../lib/gcc/arm-none-eabi/7.3.1/thumb/v7e-m/fpv4-sp/hard\libgcc.a
LOAD c:/ac6/systemworkbench/plugins/fr.ac6.mcu.externaltools.arm-none.win32_1.17.0.201812190825/tools/compiler/bin/../lib/gcc/arm-none-eabi/7.3.1/../../../../arm-none-eabi/lib/thumb/v7e-m/fpv4-sp/hard\libc_nano.a
LOAD c:/ac6/systemworkbench/plugins/fr.ac6.mcu.externaltools.arm-none.win32_1.17.0.201812190825/tools/compiler/bin/../lib/gcc/arm-none-eabi/7.3.1/../../../../arm-none-eabi/lib/thumb/v7e-m/fpv4-sp/hard\libnosys.a
END GROUP
START GROUP
LOAD c:/ac6/systemworkbench/plugins/fr.ac6.mcu.externaltools.arm-none.win32_1.17.0.201812190825/tools/compiler/bin/../lib/gcc/arm-none-eabi/7.3.1/thumb/v7e-m/fpv4-sp/hard\libgcc.a
LOAD c:/ac6/systemworkbench/plugins/fr.ac6.mcu.externaltools.arm-none.win32_1.17.0.201812190825/tools/compiler/bin/../lib/gcc/arm-none-eabi/7.3.1/../../../../arm-none-eabi/lib/thumb/v7e-m/fpv4-sp/hard\libc_nano.a
LOAD c:/ac6/systemworkbench/plugins/fr.ac6.mcu.externaltools.arm-none.win32_1.17.0.201812190825/tools/compiler/bin/../lib/gcc/arm-none-eabi/7.3.1/../../../../arm-none-eabi/lib/thumb/v7e-m/fpv4-sp/hard\libnosys.a
END GROUP
LOAD c:/ac6/systemworkbench/plugins/fr.ac6.mcu.externaltools.arm-none.win32_1.17.0.201812190825/tools/compiler/bin/../lib/gcc/arm-none-eabi/7.3.1/thumb/v7e-m/fpv4-sp/hard/crtend.o
LOAD c:/ac6/systemworkbench/plugins/fr.ac6.mcu.externaltools.arm-none.win32_1.17.0.201812190825/tools/compiler/bin/../lib/gcc/arm-none-eabi/7.3.1/thumb/v7e-m/fpv4-sp/hard/crtn.o
                0x20020000                _estack = 0x20020000
                0x00000200                _Min_Heap_Size = 0x200
                0x00000400                _Min_Stack_Size = 0x400

.isr_vector     0x08000000      0x188
                0x08000000                . = ALIGN (0x4)
 *(.isr_vector)
 .isr_vector    0x08000000      0x188 startup/startup_stm32f407xx.o
                0x08000000                g_pfnVectors
                0x08000188                . = ALIGN (0x4)

.text           0x08000188     0x3600
                0x08000188                . = ALIGN (0x4)
 *(.text)
 .text          0x08000188       0x40 c:/ac6/systemworkbench/plugins/fr.ac6.mcu.externaltools.arm-none.win32_1.17.0.201812190825/tools/compiler/bin/../lib/gcc/arm-none-eabi/7.3.1/thumb/v7e-m/fpv4-sp/hard/crtbegin.o
 .text          0x080001c8       0x30 c:/ac6/systemworkbench/plugins/fr.ac6.mcu.externaltools.arm-none.win32_1.17.0.201812190825/tools/compiler/bin/../lib/gcc/arm-none-eabi/7.3.1/thumb/v7e-m/fpv4-sp/hard\libgcc.a(_aeabi_uldivmod.o)
                0x080001c8                __aeabi_uldivmod
 .text          0x080001f8      0x2cc c:/ac6/systemworkbench/plugins/fr.ac6.mcu.externaltools.arm-none.win32_1.17.0.201812190825/tools/compiler/bin/../lib/gcc/arm-none-eabi/7.3.1/thumb/v7e-m/fpv4-sp/hard\libgcc.a(_udivmoddi4.o)
                0x080001f8                __udivmoddi4
 .text          0x080004c4        0x4 c:/ac6/systemworkbench/plugins/fr.ac6.mcu.externaltools.arm-none.win32_1.17.0.201812190825/tools/compiler/bin/../lib/gcc/arm-none-eabi/7.3.1/thumb/v7e-m/fpv4-sp/hard\libgcc.a(_dvmd_tls.o)
                0x080004c4                __aeabi_idiv0
                0x080004c4                __aeabi_ldiv0
 *(.text*)
 .text.HAL_InitTick
                0x080004c8       0x48 Drivers/STM32F4xx_HAL_Driver/Src/stm32f4xx_hal.o
                0x080004c8                HAL_InitTick
 .text.HAL_Init
                0x08000510       0x34 Drivers/STM32F4xx_HAL_Driver/Src/stm32f4xx_hal.o
                0x08000510                HAL_Init
 .text.HAL_IncTick
                0x08000544       0x18 Drivers/STM32F4xx_HAL_Driver/Src/stm32f4xx_hal.o
                0x08000544                HAL_IncTick
 .text.HAL_GetTick
                0x0800055c        0xc Drivers/STM32F4xx_HAL_Driver/Src/stm32f4xx_hal.o
                0x0800055c                HAL_GetTick
 .text.HAL_Delay
                0x08000568       0x28 Drivers/STM32F4xx_HAL_Driver/Src/stm32f4xx_hal.o
                0x08000568                HAL_Delay
 .text.HAL_NVIC_SetPriorityGrouping
                0x08000590       0x24 Drivers/STM32F4xx_HAL_Driver/Src/stm32f4xx_hal_cortex.o
                0x08000590                HAL_NVIC_SetPriorityGrouping
 .text.HAL_NVIC_SetPriority
                0x080005b4       0x68 Drivers/STM32F4xx_HAL_Driver/Src/stm32f4xx_hal_cortex.o
                0x080005b4                HAL_NVIC_SetPriority
 .text.HAL_NVIC_EnableIRQ
                0x0800061c       0x1c Drivers/STM32F4xx_HAL_Driver/Src/stm32f4xx_hal_cortex.o
                0x0800061c                HAL_NVIC_EnableIRQ
 .text.HAL_SYSTICK_Config
                0x08000638       0x2c Drivers/STM32F4xx_HAL_Driver/Src/stm32f4xx_hal_cortex.o
                0x08000638                HAL_SYSTICK_Config
 .text.HAL_GPIO_Init
                0x08000664      0x1d4 Drivers/STM32F4xx_HAL_Driver/Src/stm32f4xx_hal_gpio.o
                0x08000664                HAL_GPIO_Init
 .text.PCD_WriteEmptyTxFifo
                0x08000838       0xd4 Drivers/STM32F4xx_HAL_Driver/Src/stm32f4xx_hal_pcd.o
 .text.HAL_PCD_Init
                0x0800090c      0x122 Drivers/STM32F4xx_HAL_Driver/Src/stm32f4xx_hal_pcd.o
                0x0800090c                HAL_PCD_Init
 .text.HAL_PCD_Start
                0x08000a2e       0x42 Drivers/STM32F4xx_HAL_Driver/Src/stm32f4xx_hal_pcd.o
                0x08000a2e                HAL_PCD_Start
 .text.PCD_EP_OutXfrComplete_int
                0x08000a70      0x100 Drivers/STM32F4xx_HAL_Driver/Src/stm32f4xx_hal_pcd.o
 .text.PCD_EP_OutSetupPacket_int
                0x08000b70       0x50 Drivers/STM32F4xx_HAL_Driver/Src/stm32f4xx_hal_pcd.o
 .text.HAL_PCD_IRQHandler
                0x08000bc0      0x4a6 Drivers/STM32F4xx_HAL_Driver/Src/stm32f4xx_hal_pcd.o
                0x08000bc0                HAL_PCD_IRQHandler
 .text.HAL_PCD_SetAddress
                0x08001066       0x28 Drivers/STM32F4xx_HAL_Driver/Src/stm32f4xx_hal_pcd.o
                0x08001066                HAL_PCD_SetAddress
 .text.HAL_PCD_EP_Open
                0x0800108e       0x82 Drivers/STM32F4xx_HAL_Driver/Src/stm32f4xx_hal_pcd.o
                0x0800108e                HAL_PCD_EP_Open
 .text.HAL_PCD_EP_Close
                0x08001110       0x6e Drivers/STM32F4xx_HAL_Driver/Src/stm32f4xx_hal_pcd.o
                0x08001110                HAL_PCD_EP_Close
 .text.HAL_PCD_EP_Receive
                0x0800117e       0x5c Drivers/STM32F4xx_HAL_Driver/Src/stm32f4xx_hal_pcd.o
                0x0800117e                HAL_PCD_EP_Receive
 .text.HAL_PCD_EP_Transmit
                0x080011da       0x54 Drivers/STM32F4xx_HAL_Driver/Src/stm32f4xx_hal_pcd.o
                0x080011da                HAL_PCD_EP_Transmit
 .text.HAL_PCD_EP_SetStall
                0x0800122e       0x82 Drivers/STM32F4xx_HAL_Driver/Src/stm32f4xx_hal_pcd.o
                0x0800122e                HAL_PCD_EP_SetStall
 .text.HAL_PCD_EP_ClrStall
                0x080012b0       0x6e Drivers/STM32F4xx_HAL_Driver/Src/stm32f4xx_hal_pcd.o
                0x080012b0                HAL_PCD_EP_ClrStall
 .text.HAL_PCDEx_SetTxFiFo
                0x0800131e       0x48 Drivers/STM32F4xx_HAL_Driver/Src/stm32f4xx_hal_pcd_ex.o
                0x0800131e                HAL_PCDEx_SetTxFiFo
 .text.HAL_PCDEx_SetRxFiFo
                0x08001366        0x8 Drivers/STM32F4xx_HAL_Driver/Src/stm32f4xx_hal_pcd_ex.o
                0x08001366                HAL_PCDEx_SetRxFiFo
 .text.HAL_PCDEx_LPM_Callback
                0x0800136e        0x2 Drivers/STM32F4xx_HAL_Driver/Src/stm32f4xx_hal_pcd_ex.o
                0x0800136e                HAL_PCDEx_LPM_Callback
 .text.HAL_RCC_OscConfig
                0x08001370      0x3f8 Drivers/STM32F4xx_HAL_Driver/Src/stm32f4xx_hal_rcc.o
                0x08001370                HAL_RCC_OscConfig
 .text.HAL_RCC_GetSysClockFreq
                0x08001768       0xd8 Drivers/STM32F4xx_HAL_Driver/Src/stm32f4xx_hal_rcc.o
                0x08001768                HAL_RCC_GetSysClockFreq
 .text.HAL_RCC_ClockConfig
                0x08001840      0x160 Drivers/STM32F4xx_HAL_Driver/Src/stm32f4xx_hal_rcc.o
                0x08001840                HAL_RCC_ClockConfig
 .text.HAL_RCC_GetHCLKFreq
                0x080019a0        0xc Drivers/STM32F4xx_HAL_Driver/Src/stm32f4xx_hal_rcc.o
                0x080019a0                HAL_RCC_GetHCLKFreq
 .text.USB_CoreReset
                0x080019ac       0x4c Drivers/STM32F4xx_HAL_Driver/Src/stm32f4xx_ll_usb.o
 .text.USB_CoreInit
                0x080019f8       0x8a Drivers/STM32F4xx_HAL_Driver/Src/stm32f4xx_ll_usb.o
                0x080019f8                USB_CoreInit
 *fill*         0x08001a82        0x2 
 .text.USB_SetTurnaroundTime
                0x08001a84       0xec Drivers/STM32F4xx_HAL_Driver/Src/stm32f4xx_ll_usb.o
                0x08001a84                USB_SetTurnaroundTime
 .text.USB_EnableGlobalInt
                0x08001b70        0xc Drivers/STM32F4xx_HAL_Driver/Src/stm32f4xx_ll_usb.o
                0x08001b70                USB_EnableGlobalInt
 .text.USB_DisableGlobalInt
                0x08001b7c        0xc Drivers/STM32F4xx_HAL_Driver/Src/stm32f4xx_ll_usb.o
                0x08001b7c                USB_DisableGlobalInt
 .text.USB_FlushTxFifo
                0x08001b88       0x30 Drivers/STM32F4xx_HAL_Driver/Src/stm32f4xx_ll_usb.o
                0x08001b88                USB_FlushTxFifo
 .text.USB_FlushRxFifo
                0x08001bb8       0x2c Drivers/STM32F4xx_HAL_Driver/Src/stm32f4xx_ll_usb.o
                0x08001bb8                USB_FlushRxFifo
 .text.USB_SetDevSpeed
                0x08001be4        0xe Drivers/STM32F4xx_HAL_Driver/Src/stm32f4xx_ll_usb.o
                0x08001be4                USB_SetDevSpeed
 *fill*         0x08001bf2        0x2 
 .text.USB_DevInit
                0x08001bf4      0x190 Drivers/STM32F4xx_HAL_Driver/Src/stm32f4xx_ll_usb.o
                0x08001bf4                USB_DevInit
 .text.USB_GetDevSpeed
                0x08001d84       0x22 Drivers/STM32F4xx_HAL_Driver/Src/stm32f4xx_ll_usb.o
                0x08001d84                USB_GetDevSpeed
 .text.USB_ActivateEndpoint
                0x08001da6       0x94 Drivers/STM32F4xx_HAL_Driver/Src/stm32f4xx_ll_usb.o
                0x08001da6                USB_ActivateEndpoint
 *fill*         0x08001e3a        0x2 
 .text.USB_DeactivateEndpoint
                0x08001e3c       0xdc Drivers/STM32F4xx_HAL_Driver/Src/stm32f4xx_ll_usb.o
                0x08001e3c                USB_DeactivateEndpoint
 .text.USB_EP0StartXfer
                0x08001f18      0x11c Drivers/STM32F4xx_HAL_Driver/Src/stm32f4xx_ll_usb.o
                0x08001f18                USB_EP0StartXfer
 .text.USB_WritePacket
                0x08002034       0x28 Drivers/STM32F4xx_HAL_Driver/Src/stm32f4xx_ll_usb.o
                0x08002034                USB_WritePacket
 .text.USB_EPStartXfer
                0x0800205c      0x21c Drivers/STM32F4xx_HAL_Driver/Src/stm32f4xx_ll_usb.o
                0x0800205c                USB_EPStartXfer
 .text.USB_ReadPacket
                0x08002278       0x4e Drivers/STM32F4xx_HAL_Driver/Src/stm32f4xx_ll_usb.o
                0x08002278                USB_ReadPacket
 .text.USB_EPSetStall
                0x080022c6       0x5a Drivers/STM32F4xx_HAL_Driver/Src/stm32f4xx_ll_usb.o
                0x080022c6                USB_EPSetStall
 .text.USB_EPClearStall
                0x08002320       0x5c Drivers/STM32F4xx_HAL_Driver/Src/stm32f4xx_ll_usb.o
                0x08002320                USB_EPClearStall
 .text.USB_SetDevAddress
                0x0800237c       0x20 Drivers/STM32F4xx_HAL_Driver/Src/stm32f4xx_ll_usb.o
                0x0800237c                USB_SetDevAddress
 .text.USB_DevConnect
                0x0800239c       0x1c Drivers/STM32F4xx_HAL_Driver/Src/stm32f4xx_ll_usb.o
                0x0800239c                USB_DevConnect
 .text.USB_DevDisconnect
                0x080023b8       0x1c Drivers/STM32F4xx_HAL_Driver/Src/stm32f4xx_ll_usb.o
                0x080023b8                USB_DevDisconnect
 .text.USB_ReadInterrupts
                0x080023d4        0x8 Drivers/STM32F4xx_HAL_Driver/Src/stm32f4xx_ll_usb.o
                0x080023d4                USB_ReadInterrupts
 .text.USB_ReadDevAllOutEpInterrupt
                0x080023dc       0x10 Drivers/STM32F4xx_HAL_Driver/Src/stm32f4xx_ll_usb.o
                0x080023dc                USB_ReadDevAllOutEpInterrupt
 .text.USB_ReadDevAllInEpInterrupt
                0x080023ec       0x10 Drivers/STM32F4xx_HAL_Driver/Src/stm32f4xx_ll_usb.o
                0x080023ec                USB_ReadDevAllInEpInterrupt
 .text.USB_ReadDevOutEPInterrupt
                0x080023fc       0x12 Drivers/STM32F4xx_HAL_Driver/Src/stm32f4xx_ll_usb.o
                0x080023fc                USB_ReadDevOutEPInterrupt
 .text.USB_ReadDevInEPInterrupt
                0x0800240e       0x28 Drivers/STM32F4xx_HAL_Driver/Src/stm32f4xx_ll_usb.o
                0x0800240e                USB_ReadDevInEPInterrupt
 .text.USB_GetMode
                0x08002436        0x8 Drivers/STM32F4xx_HAL_Driver/Src/stm32f4xx_ll_usb.o
                0x08002436                USB_GetMode
 .text.USB_SetCurrentMode
                0x0800243e       0x62 Drivers/STM32F4xx_HAL_Driver/Src/stm32f4xx_ll_usb.o
                0x0800243e                USB_SetCurrentMode
 .text.USB_ActivateSetup
                0x080024a0       0x20 Drivers/STM32F4xx_HAL_Driver/Src/stm32f4xx_ll_usb.o
                0x080024a0                USB_ActivateSetup
 .text.USB_EP0_OutStart
                0x080024c0       0x60 Drivers/STM32F4xx_HAL_Driver/Src/stm32f4xx_ll_usb.o
                0x080024c0                USB_EP0_OutStart
 .text.USBD_HID_GetFSCfgDesc
                0x08002520        0xc Middlewares/ST/STM32_USB_Device_Library/Class/HID/Src/usbd_hid.o
 .text.USBD_HID_GetHSCfgDesc
                0x0800252c        0xc Middlewares/ST/STM32_USB_Device_Library/Class/HID/Src/usbd_hid.o
 .text.USBD_HID_GetOtherSpeedCfgDesc
                0x08002538        0xc Middlewares/ST/STM32_USB_Device_Library/Class/HID/Src/usbd_hid.o
 .text.USBD_HID_DataIn
                0x08002544        0xa Middlewares/ST/STM32_USB_Device_Library/Class/HID/Src/usbd_hid.o
 *fill*         0x0800254e        0x2 
 .text.USBD_HID_GetDeviceQualifierDesc
                0x08002550        0xc Middlewares/ST/STM32_USB_Device_Library/Class/HID/Src/usbd_hid.o
 .text.USBD_HID_Setup
                0x0800255c      0x12c Middlewares/ST/STM32_USB_Device_Library/Class/HID/Src/usbd_hid.o
 .text.USBD_HID_DeInit
                0x08002688       0x24 Middlewares/ST/STM32_USB_Device_Library/Class/HID/Src/usbd_hid.o
 .text.USBD_HID_Init
                0x080026ac       0x40 Middlewares/ST/STM32_USB_Device_Library/Class/HID/Src/usbd_hid.o
 .text.USBD_Init
                0x080026ec       0x2e Middlewares/ST/STM32_USB_Device_Library/Core/Src/usbd_core.o
                0x080026ec                USBD_Init
 .text.USBD_RegisterClass
                0x0800271a       0x2e Middlewares/ST/STM32_USB_Device_Library/Core/Src/usbd_core.o
                0x0800271a                USBD_RegisterClass
 .text.USBD_Start
                0x08002748        0x8 Middlewares/ST/STM32_USB_Device_Library/Core/Src/usbd_core.o
                0x08002748                USBD_Start
 .text.USBD_SetClassConfig
                0x08002750       0x12 Middlewares/ST/STM32_USB_Device_Library/Core/Src/usbd_core.o
                0x08002750                USBD_SetClassConfig
 .text.USBD_ClrClassConfig
                0x08002762       0x10 Middlewares/ST/STM32_USB_Device_Library/Core/Src/usbd_core.o
                0x08002762                USBD_ClrClassConfig
 .text.USBD_LL_SetupStage
                0x08002772       0x58 Middlewares/ST/STM32_USB_Device_Library/Core/Src/usbd_core.o
                0x08002772                USBD_LL_SetupStage
 .text.USBD_LL_DataOutStage
                0x080027ca       0x76 Middlewares/ST/STM32_USB_Device_Library/Core/Src/usbd_core.o
                0x080027ca                USBD_LL_DataOutStage
 .text.USBD_LL_DataInStage
                0x08002840       0xba Middlewares/ST/STM32_USB_Device_Library/Core/Src/usbd_core.o
                0x08002840                USBD_LL_DataInStage
 .text.USBD_LL_Reset
                0x080028fa       0x5a Middlewares/ST/STM32_USB_Device_Library/Core/Src/usbd_core.o
                0x080028fa                USBD_LL_Reset
 .text.USBD_LL_SetSpeed
                0x08002954        0x6 Middlewares/ST/STM32_USB_Device_Library/Core/Src/usbd_core.o
                0x08002954                USBD_LL_SetSpeed
 .text.USBD_LL_Suspend
                0x0800295a       0x14 Middlewares/ST/STM32_USB_Device_Library/Core/Src/usbd_core.o
                0x0800295a                USBD_LL_Suspend
 .text.USBD_LL_Resume
                0x0800296e       0x1a Middlewares/ST/STM32_USB_Device_Library/Core/Src/usbd_core.o
                0x0800296e                USBD_LL_Resume
 .text.USBD_LL_SOF
                0x08002988       0x28 Middlewares/ST/STM32_USB_Device_Library/Core/Src/usbd_core.o
                0x08002988                USBD_LL_SOF
 .text.USBD_LL_IsoINIncomplete
                0x080029b0       0x28 Middlewares/ST/STM32_USB_Device_Library/Core/Src/usbd_core.o
                0x080029b0                USBD_LL_IsoINIncomplete
 .text.USBD_LL_IsoOUTIncomplete
                0x080029d8       0x28 Middlewares/ST/STM32_USB_Device_Library/Core/Src/usbd_core.o
                0x080029d8                USBD_LL_IsoOUTIncomplete
 .text.USBD_LL_DevConnected
                0x08002a00        0x4 Middlewares/ST/STM32_USB_Device_Library/Core/Src/usbd_core.o
                0x08002a00                USBD_LL_DevConnected
 .text.USBD_LL_DevDisconnected
                0x08002a04       0x18 Middlewares/ST/STM32_USB_Device_Library/Core/Src/usbd_core.o
                0x08002a04                USBD_LL_DevDisconnected
 .text.USBD_GetLen
                0x08002a1c       0x14 Middlewares/ST/STM32_USB_Device_Library/Core/Src/usbd_ctlreq.o
 .text.USBD_SetFeature
                0x08002a30       0x14 Middlewares/ST/STM32_USB_Device_Library/Core/Src/usbd_ctlreq.o
 .text.USBD_ParseSetupRequest
                0x08002a44       0x28 Middlewares/ST/STM32_USB_Device_Library/Core/Src/usbd_ctlreq.o
                0x08002a44                USBD_ParseSetupRequest
 .text.USBD_CtlError
                0x08002a6c       0x14 Middlewares/ST/STM32_USB_Device_Library/Core/Src/usbd_ctlreq.o
                0x08002a6c                USBD_CtlError
 .text.USBD_GetDescriptor
                0x08002a80      0x18a Middlewares/ST/STM32_USB_Device_Library/Core/Src/usbd_ctlreq.o
 .text.USBD_SetAddress
                0x08002c0a       0x50 Middlewares/ST/STM32_USB_Device_Library/Core/Src/usbd_ctlreq.o
 *fill*         0x08002c5a        0x2 
 .text.USBD_SetConfig
                0x08002c5c       0xcc Middlewares/ST/STM32_USB_Device_Library/Core/Src/usbd_ctlreq.o
 .text.USBD_GetConfig
                0x08002d28       0x40 Middlewares/ST/STM32_USB_Device_Library/Core/Src/usbd_ctlreq.o
 .text.USBD_GetStatus
                0x08002d68       0x38 Middlewares/ST/STM32_USB_Device_Library/Core/Src/usbd_ctlreq.o
 .text.USBD_ClrFeature
                0x08002da0       0x26 Middlewares/ST/STM32_USB_Device_Library/Core/Src/usbd_ctlreq.o
 .text.USBD_StdDevReq
                0x08002dc6       0x76 Middlewares/ST/STM32_USB_Device_Library/Core/Src/usbd_ctlreq.o
                0x08002dc6                USBD_StdDevReq
 .text.USBD_StdItfReq
                0x08002e3c       0x68 Middlewares/ST/STM32_USB_Device_Library/Core/Src/usbd_ctlreq.o
                0x08002e3c                USBD_StdItfReq
 .text.USBD_StdEPReq
                0x08002ea4      0x206 Middlewares/ST/STM32_USB_Device_Library/Core/Src/usbd_ctlreq.o
                0x08002ea4                USBD_StdEPReq
 .text.USBD_GetString
                0x080030aa       0x38 Middlewares/ST/STM32_USB_Device_Library/Core/Src/usbd_ctlreq.o
                0x080030aa                USBD_GetString
 .text.USBD_CtlSendData
                0x080030e2       0x1a Middlewares/ST/STM32_USB_Device_Library/Core/Src/usbd_ioreq.o
                0x080030e2                USBD_CtlSendData
 .text.USBD_CtlContinueSendData
                0x080030fc       0x10 Middlewares/ST/STM32_USB_Device_Library/Core/Src/usbd_ioreq.o
                0x080030fc                USBD_CtlContinueSendData
 .text.USBD_CtlContinueRx
                0x0800310c       0x10 Middlewares/ST/STM32_USB_Device_Library/Core/Src/usbd_ioreq.o
                0x0800310c                USBD_CtlContinueRx
 .text.USBD_CtlSendStatus
                0x0800311c       0x16 Middlewares/ST/STM32_USB_Device_Library/Core/Src/usbd_ioreq.o
                0x0800311c                USBD_CtlSendStatus
 .text.USBD_CtlReceiveStatus
                0x08003132       0x16 Middlewares/ST/STM32_USB_Device_Library/Core/Src/usbd_ioreq.o
                0x08003132                USBD_CtlReceiveStatus
 .text.MX_GPIO_Init
                0x08003148       0x38 Src/main.o
 .text.Error_Handler
                0x08003180        0x4 Src/main.o
                0x08003180                Error_Handler
 .text.SystemClock_Config
                0x08003184       0xa8 Src/main.o
                0x08003184                SystemClock_Config
 .text.main     0x0800322c       0x14 Src/main.o
                0x0800322c                main
 .text.HAL_MspInit
                0x08003240       0x40 Src/stm32f4xx_hal_msp.o
                0x08003240                HAL_MspInit
 .text.NMI_Handler
                0x08003280        0x2 Src/stm32f4xx_it.o
                0x08003280                NMI_Handler
 .text.HardFault_Handler
                0x08003282        0x2 Src/stm32f4xx_it.o
                0x08003282                HardFault_Handler
 .text.MemManage_Handler
                0x08003284        0x2 Src/stm32f4xx_it.o
                0x08003284                MemManage_Handler
 .text.BusFault_Handler
                0x08003286        0x2 Src/stm32f4xx_it.o
                0x08003286                BusFault_Handler
 .text.UsageFault_Handler
                0x08003288        0x2 Src/stm32f4xx_it.o
                0x08003288                UsageFault_Handler
 .text.SVC_Handler
                0x0800328a        0x2 Src/stm32f4xx_it.o
                0x0800328a                SVC_Handler
 .text.DebugMon_Handler
                0x0800328c        0x2 Src/stm32f4xx_it.o
                0x0800328c                DebugMon_Handler
 .text.PendSV_Handler
                0x0800328e        0x2 Src/stm32f4xx_it.o
                0x0800328e                PendSV_Handler
 .text.SysTick_Handler
                0x08003290        0x8 Src/stm32f4xx_it.o
                0x08003290                SysTick_Handler
 .text.OTG_FS_IRQHandler
                0x08003298       0x10 Src/stm32f4xx_it.o
                0x08003298                OTG_FS_IRQHandler
 .text.SystemInit
                0x080032a8       0x14 Src/system_stm32f4xx.o
                0x080032a8                SystemInit
 .text.MX_USB_DEVICE_Init
                0x080032bc       0x40 Src/usb_device.o
                0x080032bc                MX_USB_DEVICE_Init
 .text.HAL_PCD_MspInit
                0x080032fc       0x84 Src/usbd_conf.o
                0x080032fc                HAL_PCD_MspInit
 .text.HAL_PCD_SetupStageCallback
                0x08003380       0x10 Src/usbd_conf.o
                0x08003380                HAL_PCD_SetupStageCallback
 .text.HAL_PCD_DataOutStageCallback
                0x08003390       0x18 Src/usbd_conf.o
                0x08003390                HAL_PCD_DataOutStageCallback
 .text.HAL_PCD_DataInStageCallback
                0x080033a8       0x16 Src/usbd_conf.o
                0x080033a8                HAL_PCD_DataInStageCallback
 .text.HAL_PCD_SOFCallback
                0x080033be        0xc Src/usbd_conf.o
                0x080033be                HAL_PCD_SOFCallback
 .text.HAL_PCD_ResetCallback
                0x080033ca       0x2c Src/usbd_conf.o
                0x080033ca                HAL_PCD_ResetCallback
 *fill*         0x080033f6        0x2 
 .text.HAL_PCD_SuspendCallback
                0x080033f8       0x30 Src/usbd_conf.o
                0x080033f8                HAL_PCD_SuspendCallback
 .text.HAL_PCD_ResumeCallback
                0x08003428        0xc Src/usbd_conf.o
                0x08003428                HAL_PCD_ResumeCallback
 .text.HAL_PCD_ISOOUTIncompleteCallback
                0x08003434        0xc Src/usbd_conf.o
                0x08003434                HAL_PCD_ISOOUTIncompleteCallback
 .text.HAL_PCD_ISOINIncompleteCallback
                0x08003440        0xc Src/usbd_conf.o
                0x08003440                HAL_PCD_ISOINIncompleteCallback
 .text.HAL_PCD_ConnectCallback
                0x0800344c        0xc Src/usbd_conf.o
                0x0800344c                HAL_PCD_ConnectCallback
 .text.HAL_PCD_DisconnectCallback
                0x08003458        0xc Src/usbd_conf.o
                0x08003458                HAL_PCD_DisconnectCallback
 .text.USBD_LL_Init
                0x08003464       0x68 Src/usbd_conf.o
                0x08003464                USBD_LL_Init
 .text.USBD_LL_IsStallEP
                0x080034cc       0x2e Src/usbd_conf.o
                0x080034cc                USBD_LL_IsStallEP
 *fill*         0x080034fa        0x2 
 .text.USBD_static_malloc
                0x080034fc        0x8 Src/usbd_conf.o
                0x080034fc                USBD_static_malloc
 .text.USBD_static_free
                0x08003504        0x2 Src/usbd_conf.o
                0x08003504                USBD_static_free
 .text.USBD_Get_USB_Status
                0x08003506       0x12 Src/usbd_conf.o
                0x08003506                USBD_Get_USB_Status
 .text.USBD_LL_Start
                0x08003518       0x10 Src/usbd_conf.o
                0x08003518                USBD_LL_Start
 .text.USBD_LL_OpenEP
                0x08003528       0x16 Src/usbd_conf.o
                0x08003528                USBD_LL_OpenEP
 .text.USBD_LL_CloseEP
                0x0800353e       0x10 Src/usbd_conf.o
                0x0800353e                USBD_LL_CloseEP
 .text.USBD_LL_StallEP
                0x0800354e       0x10 Src/usbd_conf.o
                0x0800354e                USBD_LL_StallEP
 .text.USBD_LL_ClearStallEP
                0x0800355e       0x10 Src/usbd_conf.o
                0x0800355e                USBD_LL_ClearStallEP
 .text.USBD_LL_SetUSBAddress
                0x0800356e       0x10 Src/usbd_conf.o
                0x0800356e                USBD_LL_SetUSBAddress
 .text.USBD_LL_Transmit
                0x0800357e       0x10 Src/usbd_conf.o
                0x0800357e                USBD_LL_Transmit
 .text.USBD_LL_PrepareReceive
                0x0800358e       0x10 Src/usbd_conf.o
                0x0800358e                USBD_LL_PrepareReceive
 *fill*         0x0800359e        0x2 
 .text.USBD_FS_DeviceDescriptor
                0x080035a0        0xc Src/usbd_desc.o
                0x080035a0                USBD_FS_DeviceDescriptor
 .text.USBD_FS_LangIDStrDescriptor
                0x080035ac        0xc Src/usbd_desc.o
                0x080035ac                USBD_FS_LangIDStrDescriptor
 .text.IntToUnicode
                0x080035b8       0x36 Src/usbd_desc.o
 *fill*         0x080035ee        0x2 
 .text.Get_SerialNum
                0x080035f0       0x38 Src/usbd_desc.o
 .text.USBD_FS_SerialStrDescriptor
                0x08003628       0x14 Src/usbd_desc.o
                0x08003628                USBD_FS_SerialStrDescriptor
 .text.USBD_FS_ProductStrDescriptor
                0x0800363c       0x24 Src/usbd_desc.o
                0x0800363c                USBD_FS_ProductStrDescriptor
 .text.USBD_FS_ManufacturerStrDescriptor
                0x08003660       0x1c Src/usbd_desc.o
                0x08003660                USBD_FS_ManufacturerStrDescriptor
 .text.USBD_FS_ConfigStrDescriptor
                0x0800367c       0x24 Src/usbd_desc.o
                0x0800367c                USBD_FS_ConfigStrDescriptor
 .text.USBD_FS_InterfaceStrDescriptor
                0x080036a0       0x24 Src/usbd_desc.o
                0x080036a0                USBD_FS_InterfaceStrDescriptor
 .text.Reset_Handler
                0x080036c4       0x50 startup/startup_stm32f407xx.o
                0x080036c4                Reset_Handler
 .text.Default_Handler
                0x08003714        0x2 startup/startup_stm32f407xx.o
                0x08003714                RTC_Alarm_IRQHandler
                0x08003714                HASH_RNG_IRQHandler
                0x08003714                EXTI2_IRQHandler
                0x08003714                TIM8_CC_IRQHandler
                0x08003714                TIM1_CC_IRQHandler
                0x08003714                DMA2_Stream5_IRQHandler
                0x08003714                DMA1_Stream5_IRQHandler
                0x08003714                PVD_IRQHandler
                0x08003714                SDIO_IRQHandler
                0x08003714                TAMP_STAMP_IRQHandler
                0x08003714                CAN2_RX1_IRQHandler
                0x08003714                EXTI3_IRQHandler
                0x08003714                TIM8_TRG_COM_TIM14_IRQHandler
                0x08003714                TIM1_UP_TIM10_IRQHandler
                0x08003714                TIM8_UP_TIM13_IRQHandler
                0x08003714                I2C3_ER_IRQHandler
                0x08003714                EXTI0_IRQHandler
                0x08003714                I2C2_EV_IRQHandler
                0x08003714                DMA1_Stream2_IRQHandler
                0x08003714                CAN1_RX0_IRQHandler
                0x08003714                FPU_IRQHandler
                0x08003714                OTG_HS_WKUP_IRQHandler
                0x08003714                CAN2_SCE_IRQHandler
                0x08003714                DMA2_Stream2_IRQHandler
                0x08003714                SPI1_IRQHandler
                0x08003714                TIM6_DAC_IRQHandler
                0x08003714                TIM1_BRK_TIM9_IRQHandler
                0x08003714                DCMI_IRQHandler
                0x08003714                CAN2_RX0_IRQHandler
                0x08003714                DMA2_Stream3_IRQHandler
                0x08003714                USART6_IRQHandler
                0x08003714                USART3_IRQHandler
                0x08003714                CAN1_RX1_IRQHandler
                0x08003714                UART5_IRQHandler
                0x08003714                DMA2_Stream0_IRQHandler
                0x08003714                TIM4_IRQHandler
                0x08003714                I2C1_EV_IRQHandler
                0x08003714                DMA1_Stream6_IRQHandler
                0x08003714                DMA1_Stream1_IRQHandler
                0x08003714                UART4_IRQHandler
                0x08003714                TIM3_IRQHandler
                0x08003714                RCC_IRQHandler
                0x08003714                TIM8_BRK_TIM12_IRQHandler
                0x08003714                Default_Handler
                0x08003714                EXTI15_10_IRQHandler
                0x08003714                ADC_IRQHandler
                0x08003714                DMA1_Stream7_IRQHandler
                0x08003714                TIM7_IRQHandler
                0x08003714                CAN2_TX_IRQHandler
                0x08003714                TIM5_IRQHandler
                0x08003714                DMA2_Stream7_IRQHandler
                0x08003714                I2C3_EV_IRQHandler
                0x08003714                EXTI9_5_IRQHandler
                0x08003714                RTC_WKUP_IRQHandler
                0x08003714                ETH_WKUP_IRQHandler
                0x08003714                SPI2_IRQHandler
                0x08003714                OTG_HS_EP1_IN_IRQHandler
                0x08003714                DMA1_Stream0_IRQHandler
                0x08003714                CAN1_TX_IRQHandler
                0x08003714                EXTI4_IRQHandler
                0x08003714                FSMC_IRQHandler
                0x08003714                ETH_IRQHandler
                0x08003714                OTG_HS_EP1_OUT_IRQHandler
                0x08003714                WWDG_IRQHandler
                0x08003714                TIM2_IRQHandler
                0x08003714                OTG_FS_WKUP_IRQHandler
                0x08003714                TIM1_TRG_COM_TIM11_IRQHandler
                0x08003714                OTG_HS_IRQHandler
                0x08003714                EXTI1_IRQHandler
                0x08003714                USART2_IRQHandler
                0x08003714                I2C2_ER_IRQHandler
                0x08003714                DMA2_Stream1_IRQHandler
                0x08003714                CAN1_SCE_IRQHandler
                0x08003714                FLASH_IRQHandler
                0x08003714                DMA2_Stream4_IRQHandler
                0x08003714                USART1_IRQHandler
                0x08003714                SPI3_IRQHandler
                0x08003714                DMA1_Stream4_IRQHandler
                0x08003714                I2C1_ER_IRQHandler
                0x08003714                DMA2_Stream6_IRQHandler
                0x08003714                DMA1_Stream3_IRQHandler
 *fill*         0x08003716        0x2 
 .text.__libc_init_array
                0x08003718       0x48 c:/ac6/systemworkbench/plugins/fr.ac6.mcu.externaltools.arm-none.win32_1.17.0.201812190825/tools/compiler/bin/../lib/gcc/arm-none-eabi/7.3.1/../../../../arm-none-eabi/lib/thumb/v7e-m/fpv4-sp/hard\libc_nano.a(lib_a-init.o)
                0x08003718                __libc_init_array
 .text.memset   0x08003760       0x10 c:/ac6/systemworkbench/plugins/fr.ac6.mcu.externaltools.arm-none.win32_1.17.0.201812190825/tools/compiler/bin/../lib/gcc/arm-none-eabi/7.3.1/../../../../arm-none-eabi/lib/thumb/v7e-m/fpv4-sp/hard\libc_nano.a(lib_a-memset.o)
                0x08003760                memset
 *(.glue_7)
 .glue_7        0x08003770        0x0 linker stubs
 *(.glue_7t)
 .glue_7t       0x08003770        0x0 linker stubs
 *(.eh_frame)
 .eh_frame      0x08003770        0x0 c:/ac6/systemworkbench/plugins/fr.ac6.mcu.externaltools.arm-none.win32_1.17.0.201812190825/tools/compiler/bin/../lib/gcc/arm-none-eabi/7.3.1/thumb/v7e-m/fpv4-sp/hard/crtbegin.o
 *(.init)
 .init          0x08003770        0x4 c:/ac6/systemworkbench/plugins/fr.ac6.mcu.externaltools.arm-none.win32_1.17.0.201812190825/tools/compiler/bin/../lib/gcc/arm-none-eabi/7.3.1/thumb/v7e-m/fpv4-sp/hard/crti.o
                0x08003770                _init
 .init          0x08003774        0x8 c:/ac6/systemworkbench/plugins/fr.ac6.mcu.externaltools.arm-none.win32_1.17.0.201812190825/tools/compiler/bin/../lib/gcc/arm-none-eabi/7.3.1/thumb/v7e-m/fpv4-sp/hard/crtn.o
 *(.fini)
 .fini          0x0800377c        0x4 c:/ac6/systemworkbench/plugins/fr.ac6.mcu.externaltools.arm-none.win32_1.17.0.201812190825/tools/compiler/bin/../lib/gcc/arm-none-eabi/7.3.1/thumb/v7e-m/fpv4-sp/hard/crti.o
                0x0800377c                _fini
 .fini          0x08003780        0x8 c:/ac6/systemworkbench/plugins/fr.ac6.mcu.externaltools.arm-none.win32_1.17.0.201812190825/tools/compiler/bin/../lib/gcc/arm-none-eabi/7.3.1/thumb/v7e-m/fpv4-sp/hard/crtn.o
                0x08003788                . = ALIGN (0x4)
                0x08003788                _etext = .

.vfp11_veneer   0x08003788        0x0
 .vfp11_veneer  0x08003788        0x0 linker stubs

.v4_bx          0x08003788        0x0
 .v4_bx         0x08003788        0x0 linker stubs

.iplt           0x08003788        0x0
 .iplt          0x08003788        0x0 c:/ac6/systemworkbench/plugins/fr.ac6.mcu.externaltools.arm-none.win32_1.17.0.201812190825/tools/compiler/bin/../lib/gcc/arm-none-eabi/7.3.1/thumb/v7e-m/fpv4-sp/hard/crtbegin.o

.rodata         0x08003788       0x60
                0x08003788                . = ALIGN (0x4)
 *(.rodata)
 .rodata        0x08003788       0x18 Src/system_stm32f4xx.o
                0x08003788                AHBPrescTable
                0x08003798                APBPrescTable
 *(.rodata*)
 .rodata.str1.4
                0x080037a0       0x48 Src/usbd_desc.o
                                 0x46 (size before relaxing)
                0x080037e8                . = ALIGN (0x4)

.ARM.extab
 *(.ARM.extab* .gnu.linkonce.armextab.*)

.ARM            0x080037e8        0x8
                0x080037e8                __exidx_start = .
 *(.ARM.exidx*)
 .ARM.exidx     0x080037e8        0x8 c:/ac6/systemworkbench/plugins/fr.ac6.mcu.externaltools.arm-none.win32_1.17.0.201812190825/tools/compiler/bin/../lib/gcc/arm-none-eabi/7.3.1/thumb/v7e-m/fpv4-sp/hard\libgcc.a(_udivmoddi4.o)
                0x080037f0                __exidx_end = .

.rel.dyn        0x080037f0        0x0
 .rel.iplt      0x080037f0        0x0 c:/ac6/systemworkbench/plugins/fr.ac6.mcu.externaltools.arm-none.win32_1.17.0.201812190825/tools/compiler/bin/../lib/gcc/arm-none-eabi/7.3.1/thumb/v7e-m/fpv4-sp/hard/crtbegin.o

.preinit_array  0x080037f0        0x0
                0x080037f0                PROVIDE (__preinit_array_start = .)
 *(.preinit_array*)
                0x080037f0                PROVIDE (__preinit_array_end = .)

.init_array     0x080037f0        0x4
                0x080037f0                PROVIDE (__init_array_start = .)
 *(SORT_BY_NAME(.init_array.*))
 *(.init_array*)
 .init_array    0x080037f0        0x4 c:/ac6/systemworkbench/plugins/fr.ac6.mcu.externaltools.arm-none.win32_1.17.0.201812190825/tools/compiler/bin/../lib/gcc/arm-none-eabi/7.3.1/thumb/v7e-m/fpv4-sp/hard/crtbegin.o
                0x080037f4                PROVIDE (__init_array_end = .)

.fini_array     0x080037f4        0x4
                [!provide]                PROVIDE (__fini_array_start = .)
 *(SORT_BY_NAME(.fini_array.*))
 *(.fini_array*)
 .fini_array    0x080037f4        0x4 c:/ac6/systemworkbench/plugins/fr.ac6.mcu.externaltools.arm-none.win32_1.17.0.201812190825/tools/compiler/bin/../lib/gcc/arm-none-eabi/7.3.1/thumb/v7e-m/fpv4-sp/hard/crtbegin.o
                [!provide]                PROVIDE (__fini_array_end = .)
                0x080037f8                _sidata = LOADADDR (.data)

.data           0x20000000      0x164 load address 0x080037f8
                0x20000000                . = ALIGN (0x4)
                0x20000000                _sdata = .
 *(.data)
 .data          0x20000000        0x8 Drivers/STM32F4xx_HAL_Driver/Src/stm32f4xx_hal.o
                0x20000000                uwTickFreq
                0x20000004                uwTickPrio
 .data          0x20000008      0x108 Middlewares/ST/STM32_USB_Device_Library/Class/HID/Src/usbd_hid.o
                0x200000d8                USBD_HID
 .data          0x20000110        0x4 Src/system_stm32f4xx.o
                0x20000110                SystemCoreClock
 .data          0x20000114       0x50 Src/usbd_desc.o
                0x20000114                USBD_FS_DeviceDesc
                0x20000128                USBD_LangIDDesc
                0x2000012c                USBD_StringSerial
                0x20000148                FS_Desc
 *(.data*)
                0x20000164                . = ALIGN (0x4)
                0x20000164                _edata = .
                0x0800395c                _siccmram = LOADADDR (.ccmram)

.igot.plt       0x20000164        0x0 load address 0x0800395c
 .igot.plt      0x20000164        0x0 c:/ac6/systemworkbench/plugins/fr.ac6.mcu.externaltools.arm-none.win32_1.17.0.201812190825/tools/compiler/bin/../lib/gcc/arm-none-eabi/7.3.1/thumb/v7e-m/fpv4-sp/hard/crtbegin.o

.ccmram         0x10000000        0x0 load address 0x0800395c
                0x10000000                . = ALIGN (0x4)
                0x10000000                _sccmram = .
 *(.ccmram)
 *(.ccmram*)
                0x10000000                . = ALIGN (0x4)
                0x10000000                _eccmram = .
                0x10000000                . = ALIGN (0x4)

.bss            0x20000164      0x910
                0x20000164                _sbss = .
                0x20000164                __bss_start__ = _sbss
 *(.bss)
 .bss           0x20000164       0x1c c:/ac6/systemworkbench/plugins/fr.ac6.mcu.externaltools.arm-none.win32_1.17.0.201812190825/tools/compiler/bin/../lib/gcc/arm-none-eabi/7.3.1/thumb/v7e-m/fpv4-sp/hard/crtbegin.o
 .bss           0x20000180        0x1 Middlewares/ST/STM32_USB_Device_Library/Core/Src/usbd_ctlreq.o
 *fill*         0x20000181        0x3 
 .bss           0x20000184       0x14 Src/usbd_conf.o
 *(.bss*)
 *(COMMON)
 COMMON         0x20000198        0x4 Drivers/STM32F4xx_HAL_Driver/Src/stm32f4xx_hal.o
                0x20000198                uwTick
 COMMON         0x2000019c      0x2d0 Src/usb_device.o
                0x2000019c                hUsbDeviceFS
 COMMON         0x2000046c      0x408 Src/usbd_conf.o
                0x2000046c                hpcd_USB_OTG_FS
 COMMON         0x20000874      0x200 Src/usbd_desc.o
                0x20000874                USBD_StrDesc
                0x20000a74                . = ALIGN (0x4)
                0x20000a74                _ebss = .
                0x20000a74                __bss_end__ = _ebss

._user_heap_stack
                0x20000a74      0x604
                0x20000a78                . = ALIGN (0x8)
 *fill*         0x20000a74        0x4 
                0x20000a78                PROVIDE (end = .)
                [!provide]                PROVIDE (_end = .)
                0x20000c78                . = (. + _Min_Heap_Size)
 *fill*         0x20000a78      0x200 
                0x20001078                . = (. + _Min_Stack_Size)
 *fill*         0x20000c78      0x400 
                0x20001078                . = ALIGN (0x8)

/DISCARD/
 libc.a(*)
 libm.a(*)
 libgcc.a(*)

.ARM.attributes
                0x00000000       0x30
 *(.ARM.attributes)
 .ARM.attributes
                0x00000000       0x22 c:/ac6/systemworkbench/plugins/fr.ac6.mcu.externaltools.arm-none.win32_1.17.0.201812190825/tools/compiler/bin/../lib/gcc/arm-none-eabi/7.3.1/thumb/v7e-m/fpv4-sp/hard/crti.o
 .ARM.attributes
                0x00000022       0x34 c:/ac6/systemworkbench/plugins/fr.ac6.mcu.externaltools.arm-none.win32_1.17.0.201812190825/tools/compiler/bin/../lib/gcc/arm-none-eabi/7.3.1/thumb/v7e-m/fpv4-sp/hard/crtbegin.o
 .ARM.attributes
                0x00000056       0x39 Drivers/STM32F4xx_HAL_Driver/Src/stm32f4xx_hal.o
 .ARM.attributes
                0x0000008f       0x39 Drivers/STM32F4xx_HAL_Driver/Src/stm32f4xx_hal_cortex.o
 .ARM.attributes
                0x000000c8       0x39 Drivers/STM32F4xx_HAL_Driver/Src/stm32f4xx_hal_gpio.o
 .ARM.attributes
                0x00000101       0x39 Drivers/STM32F4xx_HAL_Driver/Src/stm32f4xx_hal_pcd.o
 .ARM.attributes
                0x0000013a       0x39 Drivers/STM32F4xx_HAL_Driver/Src/stm32f4xx_hal_pcd_ex.o
 .ARM.attributes
                0x00000173       0x39 Drivers/STM32F4xx_HAL_Driver/Src/stm32f4xx_hal_rcc.o
 .ARM.attributes
                0x000001ac       0x39 Drivers/STM32F4xx_HAL_Driver/Src/stm32f4xx_ll_usb.o
 .ARM.attributes
                0x000001e5       0x39 Middlewares/ST/STM32_USB_Device_Library/Class/HID/Src/usbd_hid.o
 .ARM.attributes
                0x0000021e       0x39 Middlewares/ST/STM32_USB_Device_Library/Core/Src/usbd_core.o
 .ARM.attributes
                0x00000257       0x39 Middlewares/ST/STM32_USB_Device_Library/Core/Src/usbd_ctlreq.o
 .ARM.attributes
                0x00000290       0x39 Middlewares/ST/STM32_USB_Device_Library/Core/Src/usbd_ioreq.o
 .ARM.attributes
                0x000002c9       0x39 Src/main.o
 .ARM.attributes
                0x00000302       0x39 Src/stm32f4xx_hal_msp.o
 .ARM.attributes
                0x0000033b       0x39 Src/stm32f4xx_it.o
 .ARM.attributes
                0x00000374       0x39 Src/system_stm32f4xx.o
 .ARM.attributes
                0x000003ad       0x39 Src/usb_device.o
 .ARM.attributes
                0x000003e6       0x39 Src/usbd_conf.o
 .ARM.attributes
                0x0000041f       0x39 Src/usbd_desc.o
 .ARM.attributes
                0x00000458       0x21 startup/startup_stm32f407xx.o
 .ARM.attributes
                0x00000479       0x22 c:/ac6/systemworkbench/plugins/fr.ac6.mcu.externaltools.arm-none.win32_1.17.0.201812190825/tools/compiler/bin/../lib/gcc/arm-none-eabi/7.3.1/thumb/v7e-m/fpv4-sp/hard\libgcc.a(_aeabi_uldivmod.o)
 .ARM.attributes
                0x0000049b       0x34 c:/ac6/systemworkbench/plugins/fr.ac6.mcu.externaltools.arm-none.win32_1.17.0.201812190825/tools/compiler/bin/../lib/gcc/arm-none-eabi/7.3.1/thumb/v7e-m/fpv4-sp/hard\libgcc.a(_udivmoddi4.o)
 .ARM.attributes
                0x000004cf       0x22 c:/ac6/systemworkbench/plugins/fr.ac6.mcu.externaltools.arm-none.win32_1.17.0.201812190825/tools/compiler/bin/../lib/gcc/arm-none-eabi/7.3.1/thumb/v7e-m/fpv4-sp/hard\libgcc.a(_dvmd_tls.o)
 .ARM.attributes
                0x000004f1       0x34 c:/ac6/systemworkbench/plugins/fr.ac6.mcu.externaltools.arm-none.win32_1.17.0.201812190825/tools/compiler/bin/../lib/gcc/arm-none-eabi/7.3.1/../../../../arm-none-eabi/lib/thumb/v7e-m/fpv4-sp/hard\libc_nano.a(lib_a-init.o)
 .ARM.attributes
                0x00000525       0x34 c:/ac6/systemworkbench/plugins/fr.ac6.mcu.externaltools.arm-none.win32_1.17.0.201812190825/tools/compiler/bin/../lib/gcc/arm-none-eabi/7.3.1/../../../../arm-none-eabi/lib/thumb/v7e-m/fpv4-sp/hard\libc_nano.a(lib_a-memset.o)
 .ARM.attributes
                0x00000559       0x22 c:/ac6/systemworkbench/plugins/fr.ac6.mcu.externaltools.arm-none.win32_1.17.0.201812190825/tools/compiler/bin/../lib/gcc/arm-none-eabi/7.3.1/thumb/v7e-m/fpv4-sp/hard/crtn.o
OUTPUT(Test_Hid.elf elf32-littlearm)

.debug_info     0x00000000    0x11bff
 .debug_info    0x00000000      0x9f1 Drivers/STM32F4xx_HAL_Driver/Src/stm32f4xx_hal.o
 .debug_info    0x000009f1      0xf8c Drivers/STM32F4xx_HAL_Driver/Src/stm32f4xx_hal_cortex.o
 .debug_info    0x0000197d      0x7d0 Drivers/STM32F4xx_HAL_Driver/Src/stm32f4xx_hal_gpio.o
 .debug_info    0x0000214d     0x184b Drivers/STM32F4xx_HAL_Driver/Src/stm32f4xx_hal_pcd.o
 .debug_info    0x00003998      0x752 Drivers/STM32F4xx_HAL_Driver/Src/stm32f4xx_hal_pcd_ex.o
 .debug_info    0x000040ea      0xa94 Drivers/STM32F4xx_HAL_Driver/Src/stm32f4xx_hal_rcc.o
 .debug_info    0x00004b7e     0x1bad Drivers/STM32F4xx_HAL_Driver/Src/stm32f4xx_ll_usb.o
 .debug_info    0x0000672b     0x1337 Middlewares/ST/STM32_USB_Device_Library/Class/HID/Src/usbd_hid.o
 .debug_info    0x00007a62     0x15ef Middlewares/ST/STM32_USB_Device_Library/Core/Src/usbd_core.o
 .debug_info    0x00009051     0x1a85 Middlewares/ST/STM32_USB_Device_Library/Core/Src/usbd_ctlreq.o
 .debug_info    0x0000aad6     0x10bc Middlewares/ST/STM32_USB_Device_Library/Core/Src/usbd_ioreq.o
 .debug_info    0x0000bb92      0xe70 Src/main.o
 .debug_info    0x0000ca02      0x385 Src/stm32f4xx_hal_msp.o
 .debug_info    0x0000cd87      0x6a8 Src/stm32f4xx_it.o
 .debug_info    0x0000d42f      0x559 Src/system_stm32f4xx.o
 .debug_info    0x0000d988      0xed1 Src/usb_device.o
 .debug_info    0x0000e859     0x250b Src/usbd_conf.o
 .debug_info    0x00010d64      0xe79 Src/usbd_desc.o
 .debug_info    0x00011bdd       0x22 startup/startup_stm32f407xx.o

.debug_abbrev   0x00000000     0x2a59
 .debug_abbrev  0x00000000      0x1ed Drivers/STM32F4xx_HAL_Driver/Src/stm32f4xx_hal.o
 .debug_abbrev  0x000001ed      0x328 Drivers/STM32F4xx_HAL_Driver/Src/stm32f4xx_hal_cortex.o
 .debug_abbrev  0x00000515      0x1e7 Drivers/STM32F4xx_HAL_Driver/Src/stm32f4xx_hal_gpio.o
 .debug_abbrev  0x000006fc      0x294 Drivers/STM32F4xx_HAL_Driver/Src/stm32f4xx_hal_pcd.o
 .debug_abbrev  0x00000990      0x1de Drivers/STM32F4xx_HAL_Driver/Src/stm32f4xx_hal_pcd_ex.o
 .debug_abbrev  0x00000b6e      0x273 Drivers/STM32F4xx_HAL_Driver/Src/stm32f4xx_hal_rcc.o
 .debug_abbrev  0x00000de1      0x2b3 Drivers/STM32F4xx_HAL_Driver/Src/stm32f4xx_ll_usb.o
 .debug_abbrev  0x00001094      0x2c3 Middlewares/ST/STM32_USB_Device_Library/Class/HID/Src/usbd_hid.o
 .debug_abbrev  0x00001357      0x2c8 Middlewares/ST/STM32_USB_Device_Library/Core/Src/usbd_core.o
 .debug_abbrev  0x0000161f      0x39a Middlewares/ST/STM32_USB_Device_Library/Core/Src/usbd_ctlreq.o
 .debug_abbrev  0x000019b9      0x224 Middlewares/ST/STM32_USB_Device_Library/Core/Src/usbd_ioreq.o
 .debug_abbrev  0x00001bdd      0x2aa Src/main.o
 .debug_abbrev  0x00001e87      0x12a Src/stm32f4xx_hal_msp.o
 .debug_abbrev  0x00001fb1      0x193 Src/stm32f4xx_it.o
 .debug_abbrev  0x00002144      0x12b Src/system_stm32f4xx.o
 .debug_abbrev  0x0000226f      0x222 Src/usb_device.o
 .debug_abbrev  0x00002491      0x30b Src/usbd_conf.o
 .debug_abbrev  0x0000279c      0x2ab Src/usbd_desc.o
 .debug_abbrev  0x00002a47       0x12 startup/startup_stm32f407xx.o

.debug_loc      0x00000000     0x73ef
 .debug_loc     0x00000000      0x11b Drivers/STM32F4xx_HAL_Driver/Src/stm32f4xx_hal.o
 .debug_loc     0x0000011b      0x5ce Drivers/STM32F4xx_HAL_Driver/Src/stm32f4xx_hal_cortex.o
 .debug_loc     0x000006e9      0x475 Drivers/STM32F4xx_HAL_Driver/Src/stm32f4xx_hal_gpio.o
 .debug_loc     0x00000b5e      0xf20 Drivers/STM32F4xx_HAL_Driver/Src/stm32f4xx_hal_pcd.o
 .debug_loc     0x00001a7e       0xab Drivers/STM32F4xx_HAL_Driver/Src/stm32f4xx_hal_pcd_ex.o
 .debug_loc     0x00001b29      0x40f Drivers/STM32F4xx_HAL_Driver/Src/stm32f4xx_hal_rcc.o
 .debug_loc     0x00001f38     0x1f94 Drivers/STM32F4xx_HAL_Driver/Src/stm32f4xx_ll_usb.o
 .debug_loc     0x00003ecc      0x6bc Middlewares/ST/STM32_USB_Device_Library/Class/HID/Src/usbd_hid.o
 .debug_loc     0x00004588      0xa0b Middlewares/ST/STM32_USB_Device_Library/Core/Src/usbd_core.o
 .debug_loc     0x00004f93     0x12e1 Middlewares/ST/STM32_USB_Device_Library/Core/Src/usbd_ctlreq.o
 .debug_loc     0x00006274      0x268 Middlewares/ST/STM32_USB_Device_Library/Core/Src/usbd_ioreq.o
 .debug_loc     0x000064dc      0x13e Src/system_stm32f4xx.o
 .debug_loc     0x0000661a      0xac7 Src/usbd_conf.o
 .debug_loc     0x000070e1      0x30e Src/usbd_desc.o

.debug_aranges  0x00000000      0xa18
 .debug_aranges
                0x00000000       0xf0 Drivers/STM32F4xx_HAL_Driver/Src/stm32f4xx_hal.o
 .debug_aranges
                0x000000f0       0xa8 Drivers/STM32F4xx_HAL_Driver/Src/stm32f4xx_hal_cortex.o
 .debug_aranges
                0x00000198       0x58 Drivers/STM32F4xx_HAL_Driver/Src/stm32f4xx_hal_gpio.o
 .debug_aranges
                0x000001f0      0x138 Drivers/STM32F4xx_HAL_Driver/Src/stm32f4xx_hal_pcd.o
 .debug_aranges
                0x00000328       0x38 Drivers/STM32F4xx_HAL_Driver/Src/stm32f4xx_hal_pcd_ex.o
 .debug_aranges
                0x00000360       0x88 Drivers/STM32F4xx_HAL_Driver/Src/stm32f4xx_hal_rcc.o
 .debug_aranges
                0x000003e8      0x198 Drivers/STM32F4xx_HAL_Driver/Src/stm32f4xx_ll_usb.o
 .debug_aranges
                0x00000580       0x68 Middlewares/ST/STM32_USB_Device_Library/Class/HID/Src/usbd_hid.o
 .debug_aranges
                0x000005e8       0xb8 Middlewares/ST/STM32_USB_Device_Library/Core/Src/usbd_core.o
 .debug_aranges
                0x000006a0       0x88 Middlewares/ST/STM32_USB_Device_Library/Core/Src/usbd_ctlreq.o
 .debug_aranges
                0x00000728       0x50 Middlewares/ST/STM32_USB_Device_Library/Core/Src/usbd_ioreq.o
 .debug_aranges
                0x00000778       0x38 Src/main.o
 .debug_aranges
                0x000007b0       0x20 Src/stm32f4xx_hal_msp.o
 .debug_aranges
                0x000007d0       0x68 Src/stm32f4xx_it.o
 .debug_aranges
                0x00000838       0x28 Src/system_stm32f4xx.o
 .debug_aranges
                0x00000860       0x20 Src/usb_device.o
 .debug_aranges
                0x00000880      0x110 Src/usbd_conf.o
 .debug_aranges
                0x00000990       0x60 Src/usbd_desc.o
 .debug_aranges
                0x000009f0       0x28 startup/startup_stm32f407xx.o

.debug_ranges   0x00000000      0x968
 .debug_ranges  0x00000000       0xe0 Drivers/STM32F4xx_HAL_Driver/Src/stm32f4xx_hal.o
 .debug_ranges  0x000000e0       0xf8 Drivers/STM32F4xx_HAL_Driver/Src/stm32f4xx_hal_cortex.o
 .debug_ranges  0x000001d8       0x48 Drivers/STM32F4xx_HAL_Driver/Src/stm32f4xx_hal_gpio.o
 .debug_ranges  0x00000220      0x128 Drivers/STM32F4xx_HAL_Driver/Src/stm32f4xx_hal_pcd.o
 .debug_ranges  0x00000348       0x28 Drivers/STM32F4xx_HAL_Driver/Src/stm32f4xx_hal_pcd_ex.o
 .debug_ranges  0x00000370       0x90 Drivers/STM32F4xx_HAL_Driver/Src/stm32f4xx_hal_rcc.o
 .debug_ranges  0x00000400      0x188 Drivers/STM32F4xx_HAL_Driver/Src/stm32f4xx_ll_usb.o
 .debug_ranges  0x00000588       0x58 Middlewares/ST/STM32_USB_Device_Library/Class/HID/Src/usbd_hid.o
 .debug_ranges  0x000005e0       0xa8 Middlewares/ST/STM32_USB_Device_Library/Core/Src/usbd_core.o
 .debug_ranges  0x00000688       0x78 Middlewares/ST/STM32_USB_Device_Library/Core/Src/usbd_ctlreq.o
 .debug_ranges  0x00000700       0x40 Middlewares/ST/STM32_USB_Device_Library/Core/Src/usbd_ioreq.o
 .debug_ranges  0x00000740       0x28 Src/main.o
 .debug_ranges  0x00000768       0x10 Src/stm32f4xx_hal_msp.o
 .debug_ranges  0x00000778       0x58 Src/stm32f4xx_it.o
 .debug_ranges  0x000007d0       0x18 Src/system_stm32f4xx.o
 .debug_ranges  0x000007e8       0x10 Src/usb_device.o
 .debug_ranges  0x000007f8      0x100 Src/usbd_conf.o
 .debug_ranges  0x000008f8       0x50 Src/usbd_desc.o
 .debug_ranges  0x00000948       0x20 startup/startup_stm32f407xx.o

.debug_macro    0x00000000    0x22aa9
 .debug_macro   0x00000000      0x234 Drivers/STM32F4xx_HAL_Driver/Src/stm32f4xx_hal.o
 .debug_macro   0x00000234      0xa54 Drivers/STM32F4xx_HAL_Driver/Src/stm32f4xx_hal.o
 .debug_macro   0x00000c88      0x295 Drivers/STM32F4xx_HAL_Driver/Src/stm32f4xx_hal.o
 .debug_macro   0x00000f1d       0x2e Drivers/STM32F4xx_HAL_Driver/Src/stm32f4xx_hal.o
 .debug_macro   0x00000f4b       0x2f Drivers/STM32F4xx_HAL_Driver/Src/stm32f4xx_hal.o
 .debug_macro   0x00000f7a       0x22 Drivers/STM32F4xx_HAL_Driver/Src/stm32f4xx_hal.o
 .debug_macro   0x00000f9c       0x8e Drivers/STM32F4xx_HAL_Driver/Src/stm32f4xx_hal.o
 .debug_macro   0x0000102a       0x51 Drivers/STM32F4xx_HAL_Driver/Src/stm32f4xx_hal.o
 .debug_macro   0x0000107b       0xef Drivers/STM32F4xx_HAL_Driver/Src/stm32f4xx_hal.o
 .debug_macro   0x0000116a       0x6a Drivers/STM32F4xx_HAL_Driver/Src/stm32f4xx_hal.o
 .debug_macro   0x000011d4      0x1df Drivers/STM32F4xx_HAL_Driver/Src/stm32f4xx_hal.o
 .debug_macro   0x000013b3       0x1c Drivers/STM32F4xx_HAL_Driver/Src/stm32f4xx_hal.o
 .debug_macro   0x000013cf       0x22 Drivers/STM32F4xx_HAL_Driver/Src/stm32f4xx_hal.o
 .debug_macro   0x000013f1       0xdf Drivers/STM32F4xx_HAL_Driver/Src/stm32f4xx_hal.o
 .debug_macro   0x000014d0     0x102d Drivers/STM32F4xx_HAL_Driver/Src/stm32f4xx_hal.o
 .debug_macro   0x000024fd      0x11f Drivers/STM32F4xx_HAL_Driver/Src/stm32f4xx_hal.o
 .debug_macro   0x0000261c    0x15e58 Drivers/STM32F4xx_HAL_Driver/Src/stm32f4xx_hal.o
 .debug_macro   0x00018474       0x6d Drivers/STM32F4xx_HAL_Driver/Src/stm32f4xx_hal.o
 .debug_macro   0x000184e1     0x3666 Drivers/STM32F4xx_HAL_Driver/Src/stm32f4xx_hal.o
 .debug_macro   0x0001bb47      0x174 Drivers/STM32F4xx_HAL_Driver/Src/stm32f4xx_hal.o
 .debug_macro   0x0001bcbb       0x5c Drivers/STM32F4xx_HAL_Driver/Src/stm32f4xx_hal.o
 .debug_macro   0x0001bd17      0x96b Drivers/STM32F4xx_HAL_Driver/Src/stm32f4xx_hal.o
 .debug_macro   0x0001c682      0x9fe Drivers/STM32F4xx_HAL_Driver/Src/stm32f4xx_hal.o
 .debug_macro   0x0001d080      0x116 Drivers/STM32F4xx_HAL_Driver/Src/stm32f4xx_hal.o
 .debug_macro   0x0001d196      0x13e Drivers/STM32F4xx_HAL_Driver/Src/stm32f4xx_hal.o
 .debug_macro   0x0001d2d4       0xa5 Drivers/STM32F4xx_HAL_Driver/Src/stm32f4xx_hal.o
 .debug_macro   0x0001d379      0x174 Drivers/STM32F4xx_HAL_Driver/Src/stm32f4xx_hal.o
 .debug_macro   0x0001d4ed      0x287 Drivers/STM32F4xx_HAL_Driver/Src/stm32f4xx_hal.o
 .debug_macro   0x0001d774       0x5f Drivers/STM32F4xx_HAL_Driver/Src/stm32f4xx_hal.o
 .debug_macro   0x0001d7d3      0x236 Drivers/STM32F4xx_HAL_Driver/Src/stm32f4xx_hal.o
 .debug_macro   0x0001da09      0x12c Drivers/STM32F4xx_HAL_Driver/Src/stm32f4xx_hal.o
 .debug_macro   0x0001db35      0x21e Drivers/STM32F4xx_HAL_Driver/Src/stm32f4xx_hal.o
 .debug_macro   0x0001dd53       0x2e Drivers/STM32F4xx_HAL_Driver/Src/stm32f4xx_hal.o
 .debug_macro   0x0001dd81      0x11a Drivers/STM32F4xx_HAL_Driver/Src/stm32f4xx_hal.o
 .debug_macro   0x0001de9b       0x7e Drivers/STM32F4xx_HAL_Driver/Src/stm32f4xx_hal.o
 .debug_macro   0x0001df19       0x89 Drivers/STM32F4xx_HAL_Driver/Src/stm32f4xx_hal.o
 .debug_macro   0x0001dfa2      0x21e Drivers/STM32F4xx_HAL_Driver/Src/stm32f4xx_hal.o
 .debug_macro   0x0001e1c0       0xba Drivers/STM32F4xx_HAL_Driver/Src/stm32f4xx_hal.o
 .debug_macro   0x0001e27a      0x12d Drivers/STM32F4xx_HAL_Driver/Src/stm32f4xx_hal.o
 .debug_macro   0x0001e3a7      0x1d4 Drivers/STM32F4xx_HAL_Driver/Src/stm32f4xx_hal_cortex.o
 .debug_macro   0x0001e57b      0x1da Drivers/STM32F4xx_HAL_Driver/Src/stm32f4xx_hal_gpio.o
 .debug_macro   0x0001e755      0x1e0 Drivers/STM32F4xx_HAL_Driver/Src/stm32f4xx_hal_pcd.o
 .debug_macro   0x0001e935      0x1d4 Drivers/STM32F4xx_HAL_Driver/Src/stm32f4xx_hal_pcd_ex.o
 .debug_macro   0x0001eb09      0x1f8 Drivers/STM32F4xx_HAL_Driver/Src/stm32f4xx_hal_rcc.o
 .debug_macro   0x0001ed01      0x1d4 Drivers/STM32F4xx_HAL_Driver/Src/stm32f4xx_ll_usb.o
 .debug_macro   0x0001eed5      0x3e6 Middlewares/ST/STM32_USB_Device_Library/Class/HID/Src/usbd_hid.o
 .debug_macro   0x0001f2bb       0x58 Middlewares/ST/STM32_USB_Device_Library/Class/HID/Src/usbd_hid.o
 .debug_macro   0x0001f313       0x18 Middlewares/ST/STM32_USB_Device_Library/Class/HID/Src/usbd_hid.o
 .debug_macro   0x0001f32b       0x94 Middlewares/ST/STM32_USB_Device_Library/Class/HID/Src/usbd_hid.o
 .debug_macro   0x0001f3bf       0x35 Middlewares/ST/STM32_USB_Device_Library/Class/HID/Src/usbd_hid.o
 .debug_macro   0x0001f3f4       0x34 Middlewares/ST/STM32_USB_Device_Library/Class/HID/Src/usbd_hid.o
 .debug_macro   0x0001f428       0x16 Middlewares/ST/STM32_USB_Device_Library/Class/HID/Src/usbd_hid.o
 .debug_macro   0x0001f43e       0x57 Middlewares/ST/STM32_USB_Device_Library/Class/HID/Src/usbd_hid.o
 .debug_macro   0x0001f495       0x97 Middlewares/ST/STM32_USB_Device_Library/Class/HID/Src/usbd_hid.o
 .debug_macro   0x0001f52c      0x330 Middlewares/ST/STM32_USB_Device_Library/Class/HID/Src/usbd_hid.o
 .debug_macro   0x0001f85c       0xfd Middlewares/ST/STM32_USB_Device_Library/Class/HID/Src/usbd_hid.o
 .debug_macro   0x0001f959       0x10 Middlewares/ST/STM32_USB_Device_Library/Class/HID/Src/usbd_hid.o
 .debug_macro   0x0001f969       0x58 Middlewares/ST/STM32_USB_Device_Library/Class/HID/Src/usbd_hid.o
 .debug_macro   0x0001f9c1       0x1f Middlewares/ST/STM32_USB_Device_Library/Class/HID/Src/usbd_hid.o
 .debug_macro   0x0001f9e0       0x43 Middlewares/ST/STM32_USB_Device_Library/Class/HID/Src/usbd_hid.o
 .debug_macro   0x0001fa23       0x20 Middlewares/ST/STM32_USB_Device_Library/Class/HID/Src/usbd_hid.o
 .debug_macro   0x0001fa43      0x18e Middlewares/ST/STM32_USB_Device_Library/Class/HID/Src/usbd_hid.o
 .debug_macro   0x0001fbd1       0x10 Middlewares/ST/STM32_USB_Device_Library/Class/HID/Src/usbd_hid.o
 .debug_macro   0x0001fbe1       0x1c Middlewares/ST/STM32_USB_Device_Library/Class/HID/Src/usbd_hid.o
 .debug_macro   0x0001fbfd       0x52 Middlewares/ST/STM32_USB_Device_Library/Class/HID/Src/usbd_hid.o
 .debug_macro   0x0001fc4f       0x40 Middlewares/ST/STM32_USB_Device_Library/Class/HID/Src/usbd_hid.o
 .debug_macro   0x0001fc8f       0x10 Middlewares/ST/STM32_USB_Device_Library/Class/HID/Src/usbd_hid.o
 .debug_macro   0x0001fc9f       0x40 Middlewares/ST/STM32_USB_Device_Library/Class/HID/Src/usbd_hid.o
 .debug_macro   0x0001fcdf       0xd7 Middlewares/ST/STM32_USB_Device_Library/Class/HID/Src/usbd_hid.o
 .debug_macro   0x0001fdb6       0x1c Middlewares/ST/STM32_USB_Device_Library/Class/HID/Src/usbd_hid.o
 .debug_macro   0x0001fdd2       0x3d Middlewares/ST/STM32_USB_Device_Library/Class/HID/Src/usbd_hid.o
 .debug_macro   0x0001fe0f       0x16 Middlewares/ST/STM32_USB_Device_Library/Class/HID/Src/usbd_hid.o
 .debug_macro   0x0001fe25      0x16f Middlewares/ST/STM32_USB_Device_Library/Class/HID/Src/usbd_hid.o
 .debug_macro   0x0001ff94       0x16 Middlewares/ST/STM32_USB_Device_Library/Class/HID/Src/usbd_hid.o
 .debug_macro   0x0001ffaa       0x35 Middlewares/ST/STM32_USB_Device_Library/Class/HID/Src/usbd_hid.o
 .debug_macro   0x0001ffdf       0x16 Middlewares/ST/STM32_USB_Device_Library/Class/HID/Src/usbd_hid.o
 .debug_macro   0x0001fff5       0x29 Middlewares/ST/STM32_USB_Device_Library/Class/HID/Src/usbd_hid.o
 .debug_macro   0x0002001e       0x16 Middlewares/ST/STM32_USB_Device_Library/Class/HID/Src/usbd_hid.o
 .debug_macro   0x00020034       0xd9 Middlewares/ST/STM32_USB_Device_Library/Class/HID/Src/usbd_hid.o
 .debug_macro   0x0002010d       0x56 Middlewares/ST/STM32_USB_Device_Library/Class/HID/Src/usbd_hid.o
 .debug_macro   0x00020163       0x6b Middlewares/ST/STM32_USB_Device_Library/Class/HID/Src/usbd_hid.o
 .debug_macro   0x000201ce      0x1ef Middlewares/ST/STM32_USB_Device_Library/Class/HID/Src/usbd_hid.o
 .debug_macro   0x000203bd       0x5e Middlewares/ST/STM32_USB_Device_Library/Class/HID/Src/usbd_hid.o
 .debug_macro   0x0002041b      0x3cd Middlewares/ST/STM32_USB_Device_Library/Core/Src/usbd_core.o
 .debug_macro   0x000207e8      0x1f5 Middlewares/ST/STM32_USB_Device_Library/Core/Src/usbd_core.o
 .debug_macro   0x000209dd      0x3d7 Middlewares/ST/STM32_USB_Device_Library/Core/Src/usbd_ctlreq.o
 .debug_macro   0x00020db4      0x3d3 Middlewares/ST/STM32_USB_Device_Library/Core/Src/usbd_ioreq.o
 .debug_macro   0x00021187      0x3bf Src/main.o
 .debug_macro   0x00021546       0x5e Src/main.o
 .debug_macro   0x000215a4      0x32a Src/main.o
 .debug_macro   0x000218ce      0x1de Src/stm32f4xx_hal_msp.o
 .debug_macro   0x00021aac      0x1e8 Src/stm32f4xx_it.o
 .debug_macro   0x00021c94      0x1d4 Src/system_stm32f4xx.o
 .debug_macro   0x00021e68      0x403 Src/usb_device.o
 .debug_macro   0x0002226b       0x22 Src/usb_device.o
 .debug_macro   0x0002228d      0x3f0 Src/usbd_conf.o
 .debug_macro   0x0002267d      0x410 Src/usbd_desc.o
 .debug_macro   0x00022a8d       0x1c Src/usbd_desc.o

.debug_line     0x00000000     0xb26c
 .debug_line    0x00000000      0x8f6 Drivers/STM32F4xx_HAL_Driver/Src/stm32f4xx_hal.o
 .debug_line    0x000008f6      0x948 Drivers/STM32F4xx_HAL_Driver/Src/stm32f4xx_hal_cortex.o
 .debug_line    0x0000123e      0x874 Drivers/STM32F4xx_HAL_Driver/Src/stm32f4xx_hal_gpio.o
 .debug_line    0x00001ab2      0xd00 Drivers/STM32F4xx_HAL_Driver/Src/stm32f4xx_hal_pcd.o
 .debug_line    0x000027b2      0x754 Drivers/STM32F4xx_HAL_Driver/Src/stm32f4xx_hal_pcd_ex.o
 .debug_line    0x00002f06      0x986 Drivers/STM32F4xx_HAL_Driver/Src/stm32f4xx_hal_rcc.o
 .debug_line    0x0000388c      0xe4c Drivers/STM32F4xx_HAL_Driver/Src/stm32f4xx_ll_usb.o
 .debug_line    0x000046d8      0xae8 Middlewares/ST/STM32_USB_Device_Library/Class/HID/Src/usbd_hid.o
 .debug_line    0x000051c0      0xb74 Middlewares/ST/STM32_USB_Device_Library/Core/Src/usbd_core.o
 .debug_line    0x00005d34      0xca5 Middlewares/ST/STM32_USB_Device_Library/Core/Src/usbd_ctlreq.o
 .debug_line    0x000069d9      0x9af Middlewares/ST/STM32_USB_Device_Library/Core/Src/usbd_ioreq.o
 .debug_line    0x00007388      0x948 Src/main.o
 .debug_line    0x00007cd0      0x6f4 Src/stm32f4xx_hal_msp.o
 .debug_line    0x000083c4      0x794 Src/stm32f4xx_it.o
 .debug_line    0x00008b58      0x713 Src/system_stm32f4xx.o
 .debug_line    0x0000926b      0x9ae Src/usb_device.o
 .debug_line    0x00009c19      0xbfa Src/usbd_conf.o
 .debug_line    0x0000a813      0x9d8 Src/usbd_desc.o
 .debug_line    0x0000b1eb       0x81 startup/startup_stm32f407xx.o

.debug_str      0x00000000    0xc36b8
 .debug_str     0x00000000    0xbc378 Drivers/STM32F4xx_HAL_Driver/Src/stm32f4xx_hal.o
                              0xbc709 (size before relaxing)
 .debug_str     0x000bc378      0x3b4 Drivers/STM32F4xx_HAL_Driver/Src/stm32f4xx_hal_cortex.o
                              0xbc4b3 (size before relaxing)
 .debug_str     0x000bc72c      0x1df Drivers/STM32F4xx_HAL_Driver/Src/stm32f4xx_hal_gpio.o
                              0xbbd89 (size before relaxing)
 .debug_str     0x000bc90b      0xb32 Drivers/STM32F4xx_HAL_Driver/Src/stm32f4xx_hal_pcd.o
                              0xbc642 (size before relaxing)
 .debug_str     0x000bd43d      0x128 Drivers/STM32F4xx_HAL_Driver/Src/stm32f4xx_hal_pcd_ex.o
                              0xbbf97 (size before relaxing)
 .debug_str     0x000bd565      0x37b Drivers/STM32F4xx_HAL_Driver/Src/stm32f4xx_hal_rcc.o
                              0xbc00b (size before relaxing)
 .debug_str     0x000bd8e0      0x461 Drivers/STM32F4xx_HAL_Driver/Src/stm32f4xx_ll_usb.o
                              0xbc50d (size before relaxing)
 .debug_str     0x000bdd41     0x4fd2 Middlewares/ST/STM32_USB_Device_Library/Class/HID/Src/usbd_hid.o
                              0xc0b4a (size before relaxing)
 .debug_str     0x000c2d13      0x298 Middlewares/ST/STM32_USB_Device_Library/Core/Src/usbd_core.o
                              0xc09e5 (size before relaxing)
 .debug_str     0x000c2fab      0x139 Middlewares/ST/STM32_USB_Device_Library/Core/Src/usbd_ctlreq.o
                              0xc0937 (size before relaxing)
 .debug_str     0x000c30e4       0x79 Middlewares/ST/STM32_USB_Device_Library/Core/Src/usbd_ioreq.o
                              0xc082c (size before relaxing)
 .debug_str     0x000c315d       0x86 Src/main.o
                              0xc05d7 (size before relaxing)
 .debug_str     0x000c31e3       0x1b Src/stm32f4xx_hal_msp.o
                              0xbbb88 (size before relaxing)
 .debug_str     0x000c31fe       0xda Src/stm32f4xx_it.o
                              0xbbecd (size before relaxing)
 .debug_str     0x000c32d8       0x45 Src/system_stm32f4xx.o
                              0xbbbdd (size before relaxing)
 .debug_str     0x000c331d       0xa4 Src/usb_device.o
                              0xc0985 (size before relaxing)
 .debug_str     0x000c33c1       0x65 Src/usbd_conf.o
                              0xc1851 (size before relaxing)
 .debug_str     0x000c3426      0x263 Src/usbd_desc.o
                              0xc0744 (size before relaxing)
 .debug_str     0x000c3689       0x2f startup/startup_stm32f407xx.o
                                 0x6a (size before relaxing)

.comment        0x00000000       0x7f
 .comment       0x00000000       0x7f Drivers/STM32F4xx_HAL_Driver/Src/stm32f4xx_hal.o
                                 0x80 (size before relaxing)
 .comment       0x0000007f       0x80 Drivers/STM32F4xx_HAL_Driver/Src/stm32f4xx_hal_cortex.o
 .comment       0x0000007f       0x80 Drivers/STM32F4xx_HAL_Driver/Src/stm32f4xx_hal_gpio.o
 .comment       0x0000007f       0x80 Drivers/STM32F4xx_HAL_Driver/Src/stm32f4xx_hal_pcd.o
 .comment       0x0000007f       0x80 Drivers/STM32F4xx_HAL_Driver/Src/stm32f4xx_hal_pcd_ex.o
 .comment       0x0000007f       0x80 Drivers/STM32F4xx_HAL_Driver/Src/stm32f4xx_hal_rcc.o
 .comment       0x0000007f       0x80 Drivers/STM32F4xx_HAL_Driver/Src/stm32f4xx_ll_usb.o
 .comment       0x0000007f       0x80 Middlewares/ST/STM32_USB_Device_Library/Class/HID/Src/usbd_hid.o
 .comment       0x0000007f       0x80 Middlewares/ST/STM32_USB_Device_Library/Core/Src/usbd_core.o
 .comment       0x0000007f       0x80 Middlewares/ST/STM32_USB_Device_Library/Core/Src/usbd_ctlreq.o
 .comment       0x0000007f       0x80 Middlewares/ST/STM32_USB_Device_Library/Core/Src/usbd_ioreq.o
 .comment       0x0000007f       0x80 Src/main.o
 .comment       0x0000007f       0x80 Src/stm32f4xx_hal_msp.o
 .comment       0x0000007f       0x80 Src/stm32f4xx_it.o
 .comment       0x0000007f       0x80 Src/system_stm32f4xx.o
 .comment       0x0000007f       0x80 Src/usb_device.o
 .comment       0x0000007f       0x80 Src/usbd_conf.o
 .comment       0x0000007f       0x80 Src/usbd_desc.o

.debug_frame    0x00000000     0x195c
 .debug_frame   0x00000000      0x1ec Drivers/STM32F4xx_HAL_Driver/Src/stm32f4xx_hal.o
 .debug_frame   0x000001ec      0x15c Drivers/STM32F4xx_HAL_Driver/Src/stm32f4xx_hal_cortex.o
 .debug_frame   0x00000348       0xd8 Drivers/STM32F4xx_HAL_Driver/Src/stm32f4xx_hal_gpio.o
 .debug_frame   0x00000420      0x364 Drivers/STM32F4xx_HAL_Driver/Src/stm32f4xx_hal_pcd.o
 .debug_frame   0x00000784       0x5c Drivers/STM32F4xx_HAL_Driver/Src/stm32f4xx_hal_pcd_ex.o
 .debug_frame   0x000007e0      0x184 Drivers/STM32F4xx_HAL_Driver/Src/stm32f4xx_hal_rcc.o
 .debug_frame   0x00000964      0x4b8 Drivers/STM32F4xx_HAL_Driver/Src/stm32f4xx_ll_usb.o
 .debug_frame   0x00000e1c       0xe4 Middlewares/ST/STM32_USB_Device_Library/Class/HID/Src/usbd_hid.o
 .debug_frame   0x00000f00      0x208 Middlewares/ST/STM32_USB_Device_Library/Core/Src/usbd_core.o
 .debug_frame   0x00001108      0x178 Middlewares/ST/STM32_USB_Device_Library/Core/Src/usbd_ctlreq.o
 .debug_frame   0x00001280       0xb8 Middlewares/ST/STM32_USB_Device_Library/Core/Src/usbd_ioreq.o
 .debug_frame   0x00001338       0x70 Src/main.o
 .debug_frame   0x000013a8       0x2c Src/stm32f4xx_hal_msp.o
 .debug_frame   0x000013d4       0xc0 Src/stm32f4xx_it.o
 .debug_frame   0x00001494       0x30 Src/system_stm32f4xx.o
 .debug_frame   0x000014c4       0x28 Src/usb_device.o
 .debug_frame   0x000014ec      0x2e4 Src/usbd_conf.o
 .debug_frame   0x000017d0       0xe0 Src/usbd_desc.o
 .debug_frame   0x000018b0       0x2c c:/ac6/systemworkbench/plugins/fr.ac6.mcu.externaltools.arm-none.win32_1.17.0.201812190825/tools/compiler/bin/../lib/gcc/arm-none-eabi/7.3.1/thumb/v7e-m/fpv4-sp/hard\libgcc.a(_aeabi_uldivmod.o)
 .debug_frame   0x000018dc       0x34 c:/ac6/systemworkbench/plugins/fr.ac6.mcu.externaltools.arm-none.win32_1.17.0.201812190825/tools/compiler/bin/../lib/gcc/arm-none-eabi/7.3.1/thumb/v7e-m/fpv4-sp/hard\libgcc.a(_udivmoddi4.o)
 .debug_frame   0x00001910       0x2c c:/ac6/systemworkbench/plugins/fr.ac6.mcu.externaltools.arm-none.win32_1.17.0.201812190825/tools/compiler/bin/../lib/gcc/arm-none-eabi/7.3.1/../../../../arm-none-eabi/lib/thumb/v7e-m/fpv4-sp/hard\libc_nano.a(lib_a-init.o)
 .debug_frame   0x0000193c       0x20 c:/ac6/systemworkbench/plugins/fr.ac6.mcu.externaltools.arm-none.win32_1.17.0.201812190825/tools/compiler/bin/../lib/gcc/arm-none-eabi/7.3.1/../../../../arm-none-eabi/lib/thumb/v7e-m/fpv4-sp/hard\libc_nano.a(lib_a-memset.o)
